[html.crumina.net/puzzler/index.html]
[backblue.gif]
[fade.gif]
[index.html]
[html.crumina.net/puzzler/css/vendors/Bootstrap/bootstrap.css]
[html.crumina.net/puzzler/css/font-awesome.css]
[html.crumina.net/puzzler/css/main.css]
[html.crumina.net/puzzler/img/svg/01_logo_white.svg]
[html.crumina.net/puzzler/02_how_it_works.html]
[html.crumina.net/puzzler/03_job_lists_row_map.html]
[html.crumina.net/puzzler/04_job_lists_grid.html]
[html.crumina.net/puzzler/05_job_details.html]
[html.crumina.net/puzzler/06_company_profile.html]
[html.crumina.net/puzzler/07_company_lists_alphabet.html]
[html.crumina.net/puzzler/08_candidate_lists_row_map.html]
[html.crumina.net/puzzler/09_candidate_lists_grid.html]
[html.crumina.net/puzzler/10_candidate_details.html]
[html.crumina.net/puzzler/11_submit_resume.html]
[html.crumina.net/puzzler/12_resume_preview.html]
[html.crumina.net/puzzler/13_resume_added.html]
[html.crumina.net/puzzler/15_news_grid.html]
[html.crumina.net/puzzler/16_standard_news_with_sidebar.html]
[html.crumina.net/puzzler/17_news_details_standard.html]
[html.crumina.net/puzzler/18_news_details_gallery.html]
[html.crumina.net/puzzler/19_news_details_with_video.html]
[html.crumina.net/puzzler/14_pricing_plan.html]
[html.crumina.net/puzzler/20_contacts.html]
[html.crumina.net/puzzler/21_send_message.html]
[html.crumina.net/puzzler/23_coming_soon.html]
[html.crumina.net/puzzler/22_404.html]
[html.crumina.net/puzzler/41_sign_up.html]
[html.crumina.net/puzzler/40_login.html]
[html.crumina.net/puzzler/33_classic_accordions.html]
[html.crumina.net/puzzler/34_classic_button_styles.html]
[html.crumina.net/puzzler/35_classic_forms.html]
[html.crumina.net/puzzler/36_classic_icon_with_text.html]
[html.crumina.net/puzzler/38_classic_link_styles.html]
[html.crumina.net/puzzler/37_classic_tab_styles.html]
[html.crumina.net/puzzler/29_typography_heading_styles.html]
[html.crumina.net/puzzler/30_typography_highlights.html]
[html.crumina.net/puzzler/32_typography_blockquotes.html]
[html.crumina.net/puzzler/28_typography_columns.html]
[html.crumina.net/puzzler/31_typography_lists.html]
[html.crumina.net/puzzler/43_typography-icons.html]
[html.crumina.net/puzzler/img/svg/01_team.svg]
[html.crumina.net/puzzler/img/svg/03_freelancer.svg]
[html.crumina.net/puzzler/img/svg/04_employer.svg]
[html.crumina.net/puzzler/img/svg/11_employer_dark_tab.svg]
[html.crumina.net/puzzler/img/svg/12_employer_white_tab.svg]
[html.crumina.net/puzzler/img/svg/09_freelancer_dark_tab.svg]
[html.crumina.net/puzzler/img/svg/10_freelancer_white_tab.svg]
[html.crumina.net/puzzler/img/client2.png]
[html.crumina.net/puzzler/img/client3.png]
[html.crumina.net/puzzler/img/client4.png]
[html.crumina.net/puzzler/img/client5.png]
[html.crumina.net/puzzler/img/client6.png]
[html.crumina.net/puzzler/img/client7.png]
[html.crumina.net/puzzler/img/author2.jpg]
[html.crumina.net/puzzler/img/author3.jpg]
[html.crumina.net/puzzler/img/iphone.png]
[html.crumina.net/puzzler/img/author6.jpg]
[html.crumina.net/puzzler/img/author1.jpg]
[html.crumina.net/puzzler/img/author7.jpg]
[html.crumina.net/puzzler/img/post1.jpg]
[html.crumina.net/puzzler/img/post2.jpg]
[html.crumina.net/puzzler/js/jquery.js]
[html.crumina.net/puzzler/js/Bootstrap/bootstrap.bundle.js]
[html.crumina.net/puzzler/js/js-plugins/crum-mega-menu.js]
[html.crumina.net/puzzler/js/js-plugins/froala_editor.min.js]
[html.crumina.net/puzzler/js/js-plugins/imagesLoaded.js]
[html.crumina.net/puzzler/js/js-plugins/isotope.pkgd.min.js]
[html.crumina.net/puzzler/js/js-plugins/jquery.magnific-popup.js]
[html.crumina.net/puzzler/js/js-plugins/jquery.matchHeight.js]
[html.crumina.net/puzzler/js/js-plugins/leaflet.js]
[html.crumina.net/puzzler/js/js-plugins/MarkerClusterGroup.js]
[html.crumina.net/puzzler/js/js-plugins/select2.js]
[html.crumina.net/puzzler/js/js-plugins/smooth-scroll.js]
[html.crumina.net/puzzler/js/js-plugins/swiper.min.js]
[html.crumina.net/puzzler/js/js-plugins/TimeCircles.js]
[html.crumina.net/puzzler/js/js-plugins/ajax-pagination.js]
[html.crumina.net/puzzler/js/js-plugins/segment.js]
[html.crumina.net/puzzler/js/js-plugins/sticky-sidebar.js]
[html.crumina.net/puzzler/js/main.js]
[html.crumina.net/puzzler/index.html]
[www.googletagmanager.com/gtm5445.html]
[html.crumina.net/puzzler/css/vendors/Bootstrap/bootstrap.css]
[html.crumina.net/puzzler/fonts/webfonts/fa-brands-400.eot]
[html.crumina.net/puzzler/fonts/fontawesome-all.js]
[html.crumina.net/puzzler/fonts/webfonts/fa-brands-400.woff2]
[html.crumina.net/puzzler/fonts/webfonts/fa-brands-400d41d.eot]
[html.crumina.net/puzzler/fonts/webfonts/fa-brands-400.woff]
[html.crumina.net/puzzler/fonts/webfonts/fa-brands-400.ttf]
[html.crumina.net/puzzler/fonts/webfonts/fa-brands-400.svg]
[html.crumina.net/puzzler/fonts/webfonts/fa-light-300.eot]
[html.crumina.net/puzzler/fonts/webfonts/fa-light-300d41d.eot]
[html.crumina.net/puzzler/fonts/webfonts/fa-light-300.woff2]
[html.crumina.net/puzzler/fonts/webfonts/fa-light-300.woff]
[html.crumina.net/puzzler/fonts/webfonts/fa-light-300.ttf]
[html.crumina.net/puzzler/fonts/webfonts/fa-regular-400.eot]
[html.crumina.net/puzzler/fonts/webfonts/fa-light-300.svg]
[html.crumina.net/puzzler/fonts/webfonts/fa-regular-400d41d.eot]
[html.crumina.net/puzzler/fonts/webfonts/fa-regular-400.woff2]
[html.crumina.net/puzzler/fonts/webfonts/fa-regular-400.woff]
[html.crumina.net/puzzler/fonts/webfonts/fa-regular-400.ttf]
[html.crumina.net/puzzler/fonts/webfonts/fa-regular-400.svg]
[html.crumina.net/puzzler/fonts/webfonts/fa-solid-900.eot]
[html.crumina.net/puzzler/fonts/webfonts/fa-solid-900d41d.eot]
[html.crumina.net/puzzler/fonts/webfonts/fa-solid-900.woff2]
[html.crumina.net/puzzler/fonts/webfonts/fa-solid-900.woff]
[html.crumina.net/puzzler/fonts/webfonts/fa-solid-900.ttf]
[html.crumina.net/puzzler/css/font-awesome.css]
[html.crumina.net/puzzler/fonts/webfonts/fa-solid-900.svg]
[html.crumina.net/puzzler/img/leaflet-img/layers.png]
[html.crumina.net/puzzler/img/leaflet-img/layers-2x.png]
[html.crumina.net/puzzler/img/leaflet-img/marker-icon.png]
[html.crumina.net/puzzler/fonts/IBMPlexSans-Bold.ttf]
[html.crumina.net/puzzler/fonts/IBMPlexSans-BoldItalic.ttf]
[html.crumina.net/puzzler/fonts/IBMPlexSans-ExtraLightItalic.ttf]
[html.crumina.net/puzzler/fonts/IBMPlexSans-Italic.ttf]
[html.crumina.net/puzzler/fonts/IBMPlexSans-Light.ttf]
[html.crumina.net/puzzler/fonts/IBMPlexSans-LightItalic.ttf]
[html.crumina.net/puzzler/fonts/IBMPlexSans-Medium.ttf]
[html.crumina.net/puzzler/fonts/IBMPlexSans-MediumItalic.ttf]
[html.crumina.net/puzzler/fonts/IBMPlexSans-Regular.ttf]
[html.crumina.net/puzzler/fonts/IBMPlexSans-SemiBold.ttf]
[html.crumina.net/puzzler/fonts/IBMPlexSans-SemiBoldItalic.ttf]
[html.crumina.net/puzzler/fonts/IBMPlexSans-Thin.ttf]
[html.crumina.net/puzzler/fonts/IBMPlexSans-ThinItalic.ttf]
[html.crumina.net/puzzler/fonts/IBMPlexSans-ExtraLight.ttf]
[html.crumina.net/puzzler/fonts/Condition.ttf]
[html.crumina.net/puzzler/fonts/Condition-Italic.ttf]
[html.crumina.net/puzzler/img/claster.png]
[html.crumina.net/puzzler/img/claster-cand.png]
[html.crumina.net/puzzler/img/company3.jpg]
[html.crumina.net/puzzler/img/company4.jpg]
[html.crumina.net/puzzler/img/company6.jpg]
[html.crumina.net/puzzler/img/company7.jpg]
[html.crumina.net/puzzler/img/company1.jpg]
[html.crumina.net/puzzler/img/company2.jpg]
[html.crumina.net/puzzler/css/main.css]
[html.crumina.net/puzzler/img/svg/01_logo_white.svg]
[html.crumina.net/puzzler/02_how_it_works.html]
[html.crumina.net/puzzler/img/svg/02_how_it_works.svg]
[html.crumina.net/puzzler/img/client8.png]
[html.crumina.net/puzzler/img/iphone1.png]
[html.crumina.net/puzzler/03_job_lists_row_map.html]
[html.crumina.net/puzzler/img/client9.png]
[html.crumina.net/puzzler/img/client10.png]
[html.crumina.net/puzzler/img/client11.png]
[html.crumina.net/puzzler/img/client12.png]
[html.crumina.net/puzzler/img/client13.png]
[html.crumina.net/puzzler/img/client14.png]
[html.crumina.net/puzzler/img/client15.png]
[html.crumina.net/puzzler/img/client16.png]
[html.crumina.net/puzzler/04_job_lists_grid.html]
[html.crumina.net/puzzler/05_job_details.html]
[html.crumina.net/puzzler/06_company_profile.html]
[html.crumina.net/puzzler/07_company_lists_alphabet.html]
[html.crumina.net/puzzler/img/svg/05_companies.svg]
[html.crumina.net/puzzler/img/author8.jpg]
[html.crumina.net/puzzler/img/author9.jpg]
[html.crumina.net/puzzler/img/author10.jpg]
[html.crumina.net/puzzler/img/author11.jpg]
[html.crumina.net/puzzler/img/author12.jpg]
[html.crumina.net/puzzler/img/author13.jpg]
[html.crumina.net/puzzler/08_candidate_lists_row_map.html]
[html.crumina.net/puzzler/img/author14.jpg]
[html.crumina.net/puzzler/img/author15.jpg]
[html.crumina.net/puzzler/img/author16.jpg]
[html.crumina.net/puzzler/09_candidate_lists_grid.html]
[html.crumina.net/puzzler/10_candidate_details.html]
[html.crumina.net/puzzler/11_submit_resume.html]
[html.crumina.net/puzzler/12_resume_preview.html]
[html.crumina.net/puzzler/13_resume_added.html]
[html.crumina.net/puzzler/img/svg/06_hand.svg]
[html.crumina.net/puzzler/img/post3.jpg]
[html.crumina.net/puzzler/img/post-link.png]
[html.crumina.net/puzzler/img/post4.jpg]
[html.crumina.net/puzzler/img/post5.jpg]
[html.crumina.net/puzzler/img/post6.jpg]
[html.crumina.net/puzzler/15_news_grid.html]
[html.crumina.net/puzzler/img/post7.jpg]
[html.crumina.net/puzzler/img/post8.jpg]
[html.crumina.net/puzzler/img/post9.jpg]
[html.crumina.net/puzzler/img/post10.jpg]
[html.crumina.net/puzzler/img/post11.jpg]
[html.crumina.net/puzzler/img/post12.jpg]
[html.crumina.net/puzzler/16_standard_news_with_sidebar.html]
[html.crumina.net/puzzler/img/svg/02_logo_dark.svg]
[html.crumina.net/puzzler/img/post13.jpg]
[html.crumina.net/puzzler/img/post14.jpg]
[html.crumina.net/puzzler/17_news_details_standard.html]
[html.crumina.net/puzzler/img/post15.jpg]
[html.crumina.net/puzzler/img/post16.jpg]
[html.crumina.net/puzzler/18_news_details_gallery.html]
[html.crumina.net/puzzler/img/post17.jpg]
[html.crumina.net/puzzler/img/post18.jpg]
[html.crumina.net/puzzler/19_news_details_with_video.html]
[html.crumina.net/puzzler/img/svg/add-user.svg]
[html.crumina.net/puzzler/img/svg/team.svg]
[html.crumina.net/puzzler/14_pricing_plan.html]
[html.crumina.net/puzzler/20_contacts.html]
[html.crumina.net/puzzler/21_send_message.html]
[html.crumina.net/puzzler/img/svg/handshake.svg]
[html.crumina.net/puzzler/23_coming_soon.html]
[html.crumina.net/puzzler/img/svg/08_time.svg]
[html.crumina.net/puzzler/22_404.html]
[html.crumina.net/puzzler/41_sign_up.html]
[html.crumina.net/puzzler/40_login.html]
[html.crumina.net/puzzler/33_classic_accordions.html]
[html.crumina.net/puzzler/34_classic_button_styles.html]
[html.crumina.net/puzzler/35_classic_forms.html]
[html.crumina.net/puzzler/36_classic_icon_with_text.html]
[html.crumina.net/puzzler/38_classic_link_styles.html]
[html.crumina.net/puzzler/img/svg/07_mountains.svg]
[html.crumina.net/puzzler/img/author4.jpg]
[html.crumina.net/puzzler/37_classic_tab_styles.html]
[html.crumina.net/puzzler/29_typography_heading_styles.html]
[html.crumina.net/puzzler/30_typography_highlights.html]
[html.crumina.net/puzzler/img/client1.png]
[html.crumina.net/puzzler/32_typography_blockquotes.html]
[html.crumina.net/puzzler/28_typography_columns.html]
[html.crumina.net/puzzler/31_typography_lists.html]
[html.crumina.net/puzzler/img/svg/03_logo_white_centered.svg]
[html.crumina.net/puzzler/43_typography-icons.html]
[html.crumina.net/puzzler/img/svg/01_team.svg]
[html.crumina.net/puzzler/img/svg/03_freelancer.svg]
[html.crumina.net/puzzler/img/svg/04_employer.svg]
[html.crumina.net/puzzler/img/svg/11_employer_dark_tab.svg]
[html.crumina.net/puzzler/img/svg/12_employer_white_tab.svg]
[html.crumina.net/puzzler/img/svg/09_freelancer_dark_tab.svg]
[html.crumina.net/puzzler/img/svg/10_freelancer_white_tab.svg]
[html.crumina.net/puzzler/fonts/webfonts/fa-brands-400.svg]
[html.crumina.net/puzzler/fonts/webfonts/fa-light-300.svg]
[html.crumina.net/puzzler/img/svg/04_logo_dark_centered.svg]
[html.crumina.net/puzzler/fonts/webfonts/fa-regular-400.svg]
[html.crumina.net/puzzler/fonts/webfonts/fa-solid-900.svg]
[html.crumina.net/puzzler/img/svg/02_how_it_works.svg]
[html.crumina.net/puzzler/img/svg/05_companies.svg]
[html.crumina.net/puzzler/img/svg/06_hand.svg]
[html.crumina.net/puzzler/img/svg/02_logo_dark.svg]
[html.crumina.net/puzzler/img/svg/add-user.svg]
[html.crumina.net/puzzler/img/svg/team.svg]
[html.crumina.net/puzzler/img/svg/handshake.svg]
[html.crumina.net/puzzler/img/svg/08_time.svg]
[html.crumina.net/puzzler/img/svg/07_mountains.svg]
[html.crumina.net/puzzler/img/svg/03_logo_white_centered.svg]
[html.crumina.net/puzzler/img/svg/04_logo_dark_centered.svg]
